      ┌─────────┐  mr boxington
     ╱ ═══════ ╱│
    ╱─────────╱ │
    │ •    (◉)│≡│
    │  ◟▄▄▄◞  │ ╱
    │   ◀◆▶   │╱
    └─────────┘
   Compiling gen-zero-lod v0.1.0 (/home/luy/b1001f-t3-persist/crates/gen-zero-lod)
    Finished `test` profile [unoptimized + debuginfo] target(s) in 6.59s
     Running unittests src/lib.rs (/home/luy/b1001f-t3-target/debug/deps/gen_zero_lod-189fe852edb3a79d)

running 1 test
restore sample: nodes=1024 csr_edges=1 pending_edges=1 elapsed_us=42762
test graph::persistence::tests::exact_snapshot_roundtrip_and_incremental_blocks ... ok

test result: ok. 1 passed; 0 failed; 0 ignored; 0 measured; 142 filtered out; finished in 0.31s

     Running tests/boolq_busemann_entailment_tests.rs (/home/luy/b1001f-t3-target/debug/deps/boolq_busemann_entailment_tests-4e40d21ec6de1182)

running 0 tests

test result: ok. 0 passed; 0 failed; 0 ignored; 0 measured; 21 filtered out; finished in 0.00s

     Running tests/reflection_tests.rs (/home/luy/b1001f-t3-target/debug/deps/reflection_tests-f34b235e1a8f5d57)

running 0 tests

test result: ok. 0 passed; 0 failed; 0 ignored; 0 measured; 3 filtered out; finished in 0.00s

mbx[cache]: 0 hits, 2 misses, 4 incremental; 0 B downloaded, 0 B uploaded, 0 B stored locally
mbx[savings]: 1903 compilations served from cache to date
