removed /home/luy/b1001f-t3-persist
removed /home/luy/b1001f-t3-target
removed /home/luy/b1001f-t3-timing.log
removed /home/luy/b1001f-t3-test-3.log
removed /home/luy/b1001f-t3-test-2.log
removed /home/luy/b1001f-t3-test-5.log
removed /home/luy/b1001f-t3-source-check.log
removed /home/luy/b1001f-t3-engine-timing.log
removed /home/luy/b1001f-t3-test-4.log
removed /home/luy/b1001f-t3-test-1.log
removed /home/luy/b1001f-t3-test.log
removed /home/luy/b1001f-t3-test.exit
removed /home/luy/b1001f-t3-source-check.exit
removed /home/luy/b1001f-t3-engine-timing.exit
removed /home/luy/b1001f-t3-timing.exit
removed /home/luy/b1001f-t3-test-4.exit
removed /home/luy/b1001f-t3-test-5.exit
removed /home/luy/b1001f-t3-test-1.exit
removed /home/luy/b1001f-t3-test-3.exit
removed /home/luy/b1001f-t3-test-2.exit
removed /home/luy/b1001f-t3-source.sha256
cleanup complete
