sample=1

running 1 test
restore sample: nodes=1024 csr_edges=1 pending_edges=1 elapsed_us=42509
test graph::persistence::tests::exact_snapshot_roundtrip_and_incremental_blocks ... ok

test result: ok. 1 passed; 0 failed; 0 ignored; 0 measured; 142 filtered out; finished in 0.31s

exit=0
sample=2

running 1 test
restore sample: nodes=1024 csr_edges=1 pending_edges=1 elapsed_us=42683
test graph::persistence::tests::exact_snapshot_roundtrip_and_incremental_blocks ... ok

test result: ok. 1 passed; 0 failed; 0 ignored; 0 measured; 142 filtered out; finished in 0.31s

exit=0
sample=3

running 1 test
restore sample: nodes=1024 csr_edges=1 pending_edges=1 elapsed_us=42694
test graph::persistence::tests::exact_snapshot_roundtrip_and_incremental_blocks ... ok

test result: ok. 1 passed; 0 failed; 0 ignored; 0 measured; 142 filtered out; finished in 0.31s

exit=0
sample=4

running 1 test
restore sample: nodes=1024 csr_edges=1 pending_edges=1 elapsed_us=34871
test graph::persistence::tests::exact_snapshot_roundtrip_and_incremental_blocks ... ok

test result: ok. 1 passed; 0 failed; 0 ignored; 0 measured; 142 filtered out; finished in 0.25s

exit=0
sample=5

running 1 test
restore sample: nodes=1024 csr_edges=1 pending_edges=1 elapsed_us=43108
test graph::persistence::tests::exact_snapshot_roundtrip_and_incremental_blocks ... ok

test result: ok. 1 passed; 0 failed; 0 ignored; 0 measured; 142 filtered out; finished in 0.31s

exit=0
sample=6

running 1 test
restore sample: nodes=1024 csr_edges=1 pending_edges=1 elapsed_us=34367
test graph::persistence::tests::exact_snapshot_roundtrip_and_incremental_blocks ... ok

test result: ok. 1 passed; 0 failed; 0 ignored; 0 measured; 142 filtered out; finished in 0.26s

exit=0
sample=7

running 1 test
restore sample: nodes=1024 csr_edges=1 pending_edges=1 elapsed_us=42723
test graph::persistence::tests::exact_snapshot_roundtrip_and_incremental_blocks ... ok

test result: ok. 1 passed; 0 failed; 0 ignored; 0 measured; 142 filtered out; finished in 0.30s

exit=0
sample=8

running 1 test
restore sample: nodes=1024 csr_edges=1 pending_edges=1 elapsed_us=42408
test graph::persistence::tests::exact_snapshot_roundtrip_and_incremental_blocks ... ok

test result: ok. 1 passed; 0 failed; 0 ignored; 0 measured; 142 filtered out; finished in 0.31s

exit=0
sample=9

running 1 test
restore sample: nodes=1024 csr_edges=1 pending_edges=1 elapsed_us=42455
test graph::persistence::tests::exact_snapshot_roundtrip_and_incremental_blocks ... ok

test result: ok. 1 passed; 0 failed; 0 ignored; 0 measured; 142 filtered out; finished in 0.30s

exit=0
sample=10

running 1 test
restore sample: nodes=1024 csr_edges=1 pending_edges=1 elapsed_us=42789
test graph::persistence::tests::exact_snapshot_roundtrip_and_incremental_blocks ... ok

test result: ok. 1 passed; 0 failed; 0 ignored; 0 measured; 142 filtered out; finished in 0.32s

exit=0
sample=11

running 1 test
restore sample: nodes=1024 csr_edges=1 pending_edges=1 elapsed_us=42678
test graph::persistence::tests::exact_snapshot_roundtrip_and_incremental_blocks ... ok

test result: ok. 1 passed; 0 failed; 0 ignored; 0 measured; 142 filtered out; finished in 0.32s

exit=0
sample=12

running 1 test
restore sample: nodes=1024 csr_edges=1 pending_edges=1 elapsed_us=37644
test graph::persistence::tests::exact_snapshot_roundtrip_and_incremental_blocks ... ok

test result: ok. 1 passed; 0 failed; 0 ignored; 0 measured; 142 filtered out; finished in 0.26s

exit=0
sample=13

running 1 test
restore sample: nodes=1024 csr_edges=1 pending_edges=1 elapsed_us=48896
test graph::persistence::tests::exact_snapshot_roundtrip_and_incremental_blocks ... ok

test result: ok. 1 passed; 0 failed; 0 ignored; 0 measured; 142 filtered out; finished in 0.31s

exit=0
sample=14

running 1 test
restore sample: nodes=1024 csr_edges=1 pending_edges=1 elapsed_us=33582
test graph::persistence::tests::exact_snapshot_roundtrip_and_incremental_blocks ... ok

test result: ok. 1 passed; 0 failed; 0 ignored; 0 measured; 142 filtered out; finished in 0.25s

exit=0
sample=15

running 1 test
restore sample: nodes=1024 csr_edges=1 pending_edges=1 elapsed_us=42483
test graph::persistence::tests::exact_snapshot_roundtrip_and_incremental_blocks ... ok

test result: ok. 1 passed; 0 failed; 0 ignored; 0 measured; 142 filtered out; finished in 0.31s

exit=0
sample=16

running 1 test
restore sample: nodes=1024 csr_edges=1 pending_edges=1 elapsed_us=42367
test graph::persistence::tests::exact_snapshot_roundtrip_and_incremental_blocks ... ok

test result: ok. 1 passed; 0 failed; 0 ignored; 0 measured; 142 filtered out; finished in 0.28s

exit=0
sample=17

running 1 test
restore sample: nodes=1024 csr_edges=1 pending_edges=1 elapsed_us=43815
test graph::persistence::tests::exact_snapshot_roundtrip_and_incremental_blocks ... ok

test result: ok. 1 passed; 0 failed; 0 ignored; 0 measured; 142 filtered out; finished in 0.30s

exit=0
sample=18

running 1 test
restore sample: nodes=1024 csr_edges=1 pending_edges=1 elapsed_us=42563
test graph::persistence::tests::exact_snapshot_roundtrip_and_incremental_blocks ... ok

test result: ok. 1 passed; 0 failed; 0 ignored; 0 measured; 142 filtered out; finished in 0.29s

exit=0
sample=19

running 1 test
restore sample: nodes=1024 csr_edges=1 pending_edges=1 elapsed_us=35358
test graph::persistence::tests::exact_snapshot_roundtrip_and_incremental_blocks ... ok

test result: ok. 1 passed; 0 failed; 0 ignored; 0 measured; 142 filtered out; finished in 0.25s

exit=0
sample=20

running 1 test
restore sample: nodes=1024 csr_edges=1 pending_edges=1 elapsed_us=42787
test graph::persistence::tests::exact_snapshot_roundtrip_and_incremental_blocks ... ok

test result: ok. 1 passed; 0 failed; 0 ignored; 0 measured; 142 filtered out; finished in 0.28s

exit=0
