  1/1 F2P: 0.000 ━━━━━━━━━━━━━━━━━━━━━━━━━━━━━━━━━━━━━━━━ 0:02:56 0:00:00
adhoc • gen-zero-deepswe
┏━━━━━━━┳━━━━━━━┳━━━━━━━┳━━━━━━━┳━━━━━━━┳━━━━━━━┳━━━━━━━┳━━━━━━━┳━━━━━━━┳━━━━━━┓
┃ Tria… ┃ Exce… ┃   F2P ┃ F2P_… ┃ F2P_… ┃   P2P ┃ P2P_… ┃ P2P_… ┃ Part… ┃ Rew… ┃
┡━━━━━━━╇━━━━━━━╇━━━━━━━╇━━━━━━━╇━━━━━━━╇━━━━━━━╇━━━━━━━╇━━━━━━━╇━━━━━━━╇━━━━━━┩
│     1 │     1 │ 0.000 │ 0.000 │ 60.0… │ 1.000 │ 964.… │ 964.… │ 0.941 │ 0.0… │
└───────┴───────┴───────┴───────┴───────┴───────┴───────┴───────┴───────┴──────┘

┏━━━━━━━━━━━━┳━━━━━━━┓
┃ Reward     ┃ Count ┃
┡━━━━━━━━━━━━╇━━━━━━━┩
│ 0          │     1 │
│ 60         │     1 │
│ 0          │     1 │
│ 964        │     1 │
│ 964        │     1 │
│ 0.0        │     1 │
│ 1.0        │     1 │
│ 0.94140625 │     1 │
└────────────┴───────┘

┏━━━━━━━━━━━━━━━━━━━━━━━━━━━┳━━━━━━━┓
┃ Exception                 ┃ Count ┃
┡━━━━━━━━━━━━━━━━━━━━━━━━━━━╇━━━━━━━┩
│ NonZeroAgentExitCodeError │     1 │
└───────────────────────────┴───────┘

Job Info
Total runtime: 2m 56s
Results written to 
/home/user/benchmarks/t3-evidence/jobs/t3-deepswe-smoke-20260926T142503Z/result.j
son
Inspect results by running `pier view /home/user/benchmarks/t3-evidence/jobs`

